[ec2-user@ip-172-31-13-254 ~]$ lsblk
NAME    MAJ:MIN RM SIZE RO TYPE MOUNTPOINT
xvdc    202:32   0   8G  0 disk
xvda    202:0    0   8G  0 disk
└─xvda1 202:1    0   8G  0 part /
xvdd    202:48   0   8G  0 disk
xvdb    202:16   0   8G  0 disk
[ec2-user@ip-172-31-13-254 ~]$ pvc
pvchange  pvck      pvcreate
[ec2-user@ip-172-31-13-254 ~]$ pvc
pvchange  pvck      pvcreate
[ec2-user@ip-172-31-13-254 ~]$ pvcreate /dev/xvdc /dev/xvdd /dev/xvdb
  WARNING: Running as a non-root user. Functionality may be unavailable.
  /var/run/lvm/lvmetad.socket: connect failed: Permission denied
  WARNING: Failed to connect to lvmetad. Falling back to device scanning.
  /var/lock/lvm/P_orphans:aux: open failed: Permission denied
  Can't get lock for orphan PVs.
[ec2-user@ip-172-31-13-254 ~]$ sudo su -
[root@ip-172-31-13-254 ~]# pvcreate /dev/xvdc /dev/xvdd /dev/xvdb
  Physical volume "/dev/xvdc" successfully created.
  Physical volume "/dev/xvdd" successfully created.
  Physical volume "/dev/xvdb" successfully created.
[root@ip-172-31-13-254 ~]# pvs
  PV         VG Fmt  Attr PSize PFree
  /dev/sdb      lvm2 ---  8.00g 8.00g
  /dev/sdc      lvm2 ---  8.00g 8.00g
  /dev/sdd      lvm2 ---  8.00g 8.00g
[root@ip-172-31-13-254 ~]# pvd
-bash: pvd: command not found
[root@ip-172-31-13-254 ~]# pvdisplay
  "/dev/sdc" is a new physical volume of "8.00 GiB"
  --- NEW Physical volume ---
  PV Name               /dev/sdc
  VG Name
  PV Size               8.00 GiB
  Allocatable           NO
  PE Size               0
  Total PE              0
  Free PE               0
  Allocated PE          0
  PV UUID               FNfzZR-3aYf-rSJ2-0GOD-i0l6-1zB0-R75P4f

  "/dev/sdb" is a new physical volume of "8.00 GiB"
  --- NEW Physical volume ---
  PV Name               /dev/sdb
  VG Name
  PV Size               8.00 GiB
  Allocatable           NO
  PE Size               0
  Total PE              0
  Free PE               0
  Allocated PE          0
  PV UUID               H47R8v-sMuf-dapV-KKY5-a00g-we8f-WGvTM6

  "/dev/sdd" is a new physical volume of "8.00 GiB"
  --- NEW Physical volume ---
  PV Name               /dev/sdd
  VG Name
  PV Size               8.00 GiB
  Allocatable           NO
  PE Size               0
  Total PE              0
  Free PE               0
  Allocated PE          0
  PV UUID               sD23kA-Dz2Z-jpKY-wF0b-LwBd-kqhb-KbYPss

[root@ip-172-31-13-254 ~]# vgcreate
[root@ip-172-31-13-254 ~]# -a
[root@ip-172-31-13-254 ~]# lvdisplay
[root@ip-172-31-13-254 ~]# vgcreate VolGroup00 /dev/sdc /dev/sdb /dev/sdd
  Volume group "VolGroup00" successfully created
[root@ip-172-31-13-254 ~]# lvdisplay
[root@ip-172-31-13-254 ~]# vgdisplay
  --- Volume group ---
  VG Name               VolGroup00
  System ID
  Format                lvm2
  Metadata Areas        3
  Metadata Sequence No  1
  VG Access             read/write
  VG Status             resizable
  MAX LV                0
  Cur LV                0
  Open LV               0
  Max PV                0
  Cur PV                3
  Act PV                3
  VG Size               23.99 GiB
  PE Size               4.00 MiB
  Total PE              6141
  Alloc PE / Size       0 / 0
  Free  PE / Size       6141 / 23.99 GiB
  VG UUID               2CyRnz-c0cW-5uax-Ooqp-KOHz-pMws-Muwjf4

[root@ip-172-31-13-254 ~]# pvscan
  PV /dev/sdc   VG VolGroup00      lvm2 [8.00 GiB / 8.00 GiB free]
  PV /dev/sdb   VG VolGroup00      lvm2 [8.00 GiB / 8.00 GiB free]
  PV /dev/sdd   VG VolGroup00      lvm2 [8.00 GiB / 8.00 GiB free]
  Total: 3 [23.99 GiB] / in use: 3 [23.99 GiB] / in no VG: 0 [0   ]
[root@ip-172-31-13-254 ~]# lvcreate -l 15 -n logical_vol1 VolGroup00
  Logical volume "logical_vol1" created.
[root@ip-172-31-13-254 ~]# lvdisplay
  --- Logical volume ---
  LV Path                /dev/VolGroup00/logical_vol1
  LV Name                logical_vol1
  VG Name                VolGroup00
  LV UUID                CtsAE4-cfCH-XWBw-8cQE-L7cR-l6OV-0lI2Z1
  LV Write Access        read/write
  LV Creation host, time ip-172-31-13-254, 2017-07-05 18:54:52 +0000
  LV Status              available
  # open                 0
  LV Size                60.00 MiB
  Current LE             15
  Segments               1
  Allocation             inherit
  Read ahead sectors     auto
  - currently set to     256
  Block device           253:0

[root@ip-172-31-13-254 ~]# mkfs.xfs /dev/VolGroup00/logical_vol1
-bash: mkfs.xfs: command not found
[root@ip-172-31-13-254 ~]# mkfs.xfs /dev/VolGroup00/logical_vol1
[root@ip-172-31-13-254 ~]# mkf
mkfifo       mkfontdir    mkfontscale  mkfs         mkfs.cramfs  mkfs.ext2    mkfs.ext3    mkfs.ext4    mkfs.minix
[root@ip-172-31-13-254 ~]# mkf
mkfifo       mkfontdir    mkfontscale  mkfs         mkfs.cramfs  mkfs.ext2    mkfs.ext3    mkfs.ext4    mkfs.minix
[root@ip-172-31-13-254 ~]# mkf.ext4 /dev/VolGroup00/logical_vol1
-bash: mkf.ext4: command not found
[root@ip-172-31-13-254 ~]# mkfs.ext4 /dev/VolGroup00/logical_vol1
mke2fs 1.42.12 (29-Aug-2014)
Creating filesystem with 61440 1k blocks and 15360 inodes
Filesystem UUID: 7973fbc3-d84c-4f04-b1d0-da1821919be5
Superblock backups stored on blocks:
        8193, 24577, 40961, 57345

Allocating group tables: done
Writing inode tables: done
Creating journal (4096 blocks): done
Writing superblocks and filesystem accounting information: done

[root@ip-172-31-13-254 ~]# mkdir /myVG
[root@ip-172-31-13-254 ~]# mount /dev/VolGroup00/logical_vol1 /myVG
[root@ip-172-31-13-254 ~]# df -h
Filesystem                           Size  Used Avail Use% Mounted on
devtmpfs                             489M   72K  488M   1% /dev
tmpfs                                497M     0  497M   0% /dev/shm
/dev/xvda1                           7.8G  976M  6.7G  13% /
/dev/mapper/VolGroup00-logical_vol1   55M  1.2M   49M   3% /myVG
[root@ip-172-31-13-254 ~]# lvdisplay
  --- Logical volume ---
  LV Path                /dev/VolGroup00/logical_vol1
  LV Name                logical_vol1
  VG Name                VolGroup00
  LV UUID                CtsAE4-cfCH-XWBw-8cQE-L7cR-l6OV-0lI2Z1
  LV Write Access        read/write
  LV Creation host, time ip-172-31-13-254, 2017-07-05 18:54:52 +0000
  LV Status              available
  # open                 1
  LV Size                60.00 MiB
  Current LE             15
  Segments               1
  Allocation             inherit
  Read ahead sectors     auto
  - currently set to     256
  Block device           253:0

[root@ip-172-31-13-254 ~]# lvdisplay
[root@ip-172-31-13-254 ~]# lvextend -L100 /dev/VolGroup00/logical_vol1
  Size of logical volume VolGroup00/logical_vol1 changed from 60.00 MiB (15 extents) to 100.00 MiB (25 extents).
  Logical volume VolGroup00/logical_vol1 successfully resized.
[root@ip-172-31-13-254 ~]# lvdisplay
  --- Logical volume ---
  LV Path                /dev/VolGroup00/logical_vol1
  LV Name                logical_vol1
  VG Name                VolGroup00
  LV UUID                CtsAE4-cfCH-XWBw-8cQE-L7cR-l6OV-0lI2Z1
  LV Write Access        read/write
  LV Creation host, time ip-172-31-13-254, 2017-07-05 18:54:52 +0000
  LV Status              available
  # open                 1
  LV Size                100.00 MiB
  Current LE             25
  Segments               1
  Allocation             inherit
  Read ahead sectors     auto
  - currently set to     256
  Block device           253:0

[root@ip-172-31-13-254 ~]# df -h
Filesystem                           Size  Used Avail Use% Mounted on
devtmpfs                             489M   72K  488M   1% /dev
tmpfs                                497M     0  497M   0% /dev/shm
/dev/xvda1                           7.8G  976M  6.7G  13% /
/dev/mapper/VolGroup00-logical_vol1   55M  1.2M   49M   3% /myVG
[root@ip-172-31-13-254 ~]# mount /dev/VolGroup00/logical_vol1 /myVG
mount: /dev/mapper/VolGroup00-logical_vol1 is already mounted or /myVG busy
       /dev/mapper/VolGroup00-logical_vol1 is already mounted on /myVG
[root@ip-172-31-13-254 ~]# df -h
Filesystem                           Size  Used Avail Use% Mounted on
devtmpfs                             489M   72K  488M   1% /dev
tmpfs                                497M     0  497M   0% /dev/shm
/dev/xvda1                           7.8G  976M  6.7G  13% /
/dev/mapper/VolGroup00-logical_vol1   55M  1.2M   49M   3% /myVG
[root@ip-172-31-13-254 ~]# df -h
[root@ip-172-31-13-254 ~]# umount /myVG
[root@ip-172-31-13-254 ~]# mount /dev/VolGroup00/logical_vol1 /myVG
[root@ip-172-31-13-254 ~]# df -h
Filesystem                           Size  Used Avail Use% Mounted on
devtmpfs                             489M   72K  488M   1% /dev
tmpfs                                497M     0  497M   0% /dev/shm
/dev/xvda1                           7.8G  976M  6.7G  13% /
/dev/mapper/VolGroup00-logical_vol1   55M  1.2M   49M   3% /myVG
[root@ip-172-31-13-254 ~]# resize2fs /dev/VolGroup00/logical_vol1
resize2fs 1.42.12 (29-Aug-2014)
Filesystem at /dev/VolGroup00/logical_vol1 is mounted on /myVG; on-line resizing required
old_desc_blocks = 1, new_desc_blocks = 1
The filesystem on /dev/VolGroup00/logical_vol1 is now 102400 (1k) blocks long.

[root@ip-172-31-13-254 ~]# df -h
Filesystem                           Size  Used Avail Use% Mounted on
devtmpfs                             489M   72K  488M   1% /dev
tmpfs                                497M     0  497M   0% /dev/shm
/dev/xvda1                           7.8G  976M  6.7G  13% /
/dev/mapper/VolGroup00-logical_vol1   93M  1.5M   86M   2% /myVG
[root@ip-172-31-13-254 ~]# lvextend -L100 /dev/VolGroup00/logical_vol1
[root@ip-172-31-13-254 ~]#  lvextend -l 80%FREE /dev/VolGroup00/logical_vol1
  Size of logical volume VolGroup00/logical_vol1 changed from 100.00 MiB (25 extents) to 19.11 GiB (4893 extents).
  Logical volume VolGroup00/logical_vol1 successfully resized.
[root@ip-172-31-13-254 ~]# lvdisplay
  --- Logical volume ---
  LV Path                /dev/VolGroup00/logical_vol1
  LV Name                logical_vol1
  VG Name                VolGroup00
  LV UUID                CtsAE4-cfCH-XWBw-8cQE-L7cR-l6OV-0lI2Z1
  LV Write Access        read/write
  LV Creation host, time ip-172-31-13-254, 2017-07-05 18:54:52 +0000
  LV Status              available
  # open                 1
  LV Size                19.11 GiB
  Current LE             4893
  Segments               3
  Allocation             inherit
  Read ahead sectors     auto
  - currently set to     256
  Block device           253:0

[root@ip-172-31-13-254 ~]# resize2fs /dev/VolGroup00/logical_vol1
resize2fs 1.42.12 (29-Aug-2014)
Filesystem at /dev/VolGroup00/logical_vol1 is mounted on /myVG; on-line resizing required
old_desc_blocks = 1, new_desc_blocks = 77
The filesystem on /dev/VolGroup00/logical_vol1 is now 20041728 (1k) blocks long.

[root@ip-172-31-13-254 ~]# df -h
Filesystem                           Size  Used Avail Use% Mounted on
devtmpfs                             489M   72K  488M   1% /dev
tmpfs                                497M     0  497M   0% /dev/shm
/dev/xvda1                           7.8G  976M  6.7G  13% /
/dev/mapper/VolGroup00-logical_vol1   19G  2.8M   18G   1% /myVG
[root@ip-172-31-13-254 ~]# vgreduce VolGroup00 /dev/sdd
  Physical volume "/dev/sdd" still in use
[root@ip-172-31-13-254 ~]#  lvextend -l 80%FREE /dev/VolGroup00/logical_vol1
[root@ip-172-31-13-254 ~]# lv
[root@ip-172-31-13-254 ~]#  lvextend -l 20%FREE /dev/VolGroup00/logical_vol1
  New size given (250 extents) not larger than existing size (4893 extents)
[root@ip-172-31-13-254 ~]# lvdisplay -m
  --- Logical volume ---
  LV Path                /dev/VolGroup00/logical_vol1
  LV Name                logical_vol1
  VG Name                VolGroup00
  LV UUID                CtsAE4-cfCH-XWBw-8cQE-L7cR-l6OV-0lI2Z1
  LV Write Access        read/write
  LV Creation host, time ip-172-31-13-254, 2017-07-05 18:54:52 +0000
  LV Status              available
  # open                 1
  LV Size                19.11 GiB
  Current LE             4893
  Segments               3
  Allocation             inherit
  Read ahead sectors     auto
  - currently set to     256
  Block device           253:0

  --- Segments ---
  Logical extents 0 to 2046:
    Type                linear
    Physical volume     /dev/sdc
    Physical extents    0 to 2046

  Logical extents 2047 to 4093:
    Type                linear
    Physical volume     /dev/sdb
    Physical extents    0 to 2046

  Logical extents 4094 to 4892:
    Type                linear
    Physical volume     /dev/sdd
    Physical extents    0 to 798


[root@ip-172-31-13-254 ~]# lvreduce -l 2047 /dev/VolGroup00/logical_vol1
  WARNING: Reducing active and open logical volume to 8.00 GiB.
  THIS MAY DESTROY YOUR DATA (filesystem etc.)
Do you really want to reduce VolGroup00/logical_vol1? [y/n]: y
  Size of logical volume VolGroup00/logical_vol1 changed from 19.11 GiB (4893 extents) to 8.00 GiB (2047 extents).
  Logical volume VolGroup00/logical_vol1 successfully resized.
[root@ip-172-31-13-254 ~]# lvdisplay -m
  --- Logical volume ---
  LV Path                /dev/VolGroup00/logical_vol1
  LV Name                logical_vol1
  VG Name                VolGroup00
  LV UUID                CtsAE4-cfCH-XWBw-8cQE-L7cR-l6OV-0lI2Z1
  LV Write Access        read/write
  LV Creation host, time ip-172-31-13-254, 2017-07-05 18:54:52 +0000
  LV Status              available
  # open                 1
  LV Size                8.00 GiB
  Current LE             2047
  Segments               1
  Allocation             inherit
  Read ahead sectors     auto
  - currently set to     256
  Block device           253:0

  --- Segments ---
  Logical extents 0 to 2046:
    Type                linear
    Physical volume     /dev/sdc
    Physical extents    0 to 2046


[root@ip-172-31-13-254 ~]# vgreduce VolGroup00 /dev/sdd
  Removed "/dev/sdd" from volume group "VolGroup00"
[root@ip-172-31-13-254 ~]# vg
[root@ip-172-31-13-254 ~]# df -h
Filesystem                           Size  Used Avail Use% Mounted on
devtmpfs                             489M   72K  488M   1% /dev
tmpfs                                497M     0  497M   0% /dev/shm
/dev/xvda1                           7.8G  976M  6.7G  13% /
/dev/mapper/VolGroup00-logical_vol1   19G  2.8M   18G   1% /myVG
[root@ip-172-31-13-254 ~]# resize2fs /dev/VolGroup00/logical_vol1
resize2fs 1.42.12 (29-Aug-2014)
Filesystem at /dev/VolGroup00/logical_vol1 is mounted on /myVG; on-line resizing required
resize2fs: On-line shrinking not supported
[root@ip-172-31-13-254 ~]# umount /myvg
umount: /myvg: mountpoint not found
[root@ip-172-31-13-254 ~]# umount /myVG
[root@ip-172-31-13-254 ~]# umount /myVG
[root@ip-172-31-13-254 ~]# set -o vi
[root@ip-172-31-13-254 ~]# mount /dev/VolGroup00/logical_vol1 /myVG
mount: wrong fs type, bad option, bad superblock on /dev/mapper/VolGroup00-logical_vol1,
       missing codepage or helper program, or other error

       In some cases useful info is found in syslog - try
       dmesg | tail or so.
[root@ip-172-31-13-254 ~]# lvdisplay -m
[root@ip-172-31-13-254 ~]# mkfs.ext4 /dev/VolGroup00/logical_vol1
mke2fs 1.42.12 (29-Aug-2014)
/dev/VolGroup00/logical_vol1 contains a ext4 file system
        last mounted on Wed Jul  5 18:58:26 2017
Proceed anyway? (y,n) y
Creating filesystem with 2096128 4k blocks and 524288 inodes
Filesystem UUID: 6007a524-34ce-40e6-a9f3-6c77a7a9d5bb
Superblock backups stored on blocks:
        32768, 98304, 163840, 229376, 294912, 819200, 884736, 1605632

Allocating group tables: done
Writing inode tables: done
Creating journal (32768 blocks): done
Writing superblocks and filesystem accounting information: done

[root@ip-172-31-13-254 ~]# mount /dev/VolGroup00/logical_vol1 /myVG
[root@ip-172-31-13-254 ~]# df-h
-bash: df-h: command not found
[root@ip-172-31-13-254 ~]# df -h
Filesystem                           Size  Used Avail Use% Mounted on
devtmpfs                             489M   72K  488M   1% /dev
tmpfs                                497M     0  497M   0% /dev/shm
/dev/xvda1                           7.8G  976M  6.7G  13% /
/dev/mapper/VolGroup00-logical_vol1  7.8G   18M  7.4G   1% /myVG
[root@ip-172-31-13-254 ~]# pv
pvchange   pvck       pvcreate   pvdisplay  pvmove     pvremove   pvresize   pvs        pvscan
[root@ip-172-31-13-254 ~]# pvremove
[root@ip-172-31-13-254 ~]# pvs
  PV         VG         Fmt  Attr PSize PFree
  /dev/sdb   VolGroup00 lvm2 a--  8.00g 8.00g
  /dev/sdc   VolGroup00 lvm2 a--  8.00g    0
  /dev/sdd              lvm2 ---  8.00g 8.00g
[root@ip-172-31-13-254 ~]# pvremove /dev/sdd
  Labels on physical volume "/dev/sdd" successfully wiped.
[root@ip-172-31-13-254 ~]# pvs
  PV         VG         Fmt  Attr PSize PFree
  /dev/sdb   VolGroup00 lvm2 a--  8.00g 8.00g
  /dev/sdc   VolGroup00 lvm2 a--  8.00g    0
[root@ip-172-31-13-254 ~]# ^A
[root@ip-172-31-13-254 ~]# pv
pvchange   pvck       pvcreate   pvdisplay  pvmove     pvremove   pvresize   pvs        pvscan
[root@ip-172-31-13-254 ~]# pvc
[root@ip-172-31-13-254 ~]# pvresize
[root@ip-172-31-13-254 ~]# pvdisplay
  --- Physical volume ---
  PV Name               /dev/sdc
  VG Name               VolGroup00
  PV Size               8.00 GiB / not usable 4.00 MiB
  Allocatable           yes (but full)
  PE Size               4.00 MiB
  Total PE              2047
  Free PE               0
  Allocated PE          2047
  PV UUID               FNfzZR-3aYf-rSJ2-0GOD-i0l6-1zB0-R75P4f

  --- Physical volume ---
  PV Name               /dev/sdb
  VG Name               VolGroup00
  PV Size               8.00 GiB / not usable 4.00 MiB
  Allocatable           yes
  PE Size               4.00 MiB
  Total PE              2047
  Free PE               2047
  Allocated PE          0
  PV UUID               H47R8v-sMuf-dapV-KKY5-a00g-we8f-WGvTM6

[root@ip-172-31-13-254 ~]# pvresize
  Please supply physical volume(s)
  Run `pvresize --help' for more information.
[root@ip-172-31-13-254 ~]# pvcreate /dev/sdd
  Physical volume "/dev/sdd" successfully created.
[root@ip-172-31-13-254 ~]# pvs
  PV         VG         Fmt  Attr PSize PFree
  /dev/sdb   VolGroup00 lvm2 a--  8.00g 8.00g
  /dev/sdc   VolGroup00 lvm2 a--  8.00g    0
  /dev/sdd              lvm2 ---  8.00g 8.00g
[root@ip-172-31-13-254 ~]# vg
vgcfgbackup    vgchange       vgconvert      vgdisplay      vgextend       vgimportclone  vgmknodes      vgremove       vgs            vgsplit
vgcfgrestore   vgck           vgcreate       vgexport       vgimport       vgmerge        vgreduce       vgrename       vgscan
[root@ip-172-31-13-254 ~]# vg
vgcfgbackup    vgchange       vgconvert      vgdisplay      vgextend       vgimportclone  vgmknodes      vgremove       vgs            vgsplit
vgcfgrestore   vgck           vgcreate       vgexport       vgimport       vgmerge        vgreduce       vgrename       vgscan
[root@ip-172-31-13-254 ~]# vg
[root@ip-172-31-13-254 ~]# vgdisplay
  --- Volume group ---
  VG Name               VolGroup00
  System ID
  Format                lvm2
  Metadata Areas        2
  Metadata Sequence No  6
  VG Access             read/write
  VG Status             resizable
  MAX LV                0
  Cur LV                1
  Open LV               1
  Max PV                0
  Cur PV                2
  Act PV                2
  VG Size               15.99 GiB
  PE Size               4.00 MiB
  Total PE              4094
  Alloc PE / Size       2047 / 8.00 GiB
  Free  PE / Size       2047 / 8.00 GiB
  VG UUID               2CyRnz-c0cW-5uax-Ooqp-KOHz-pMws-Muwjf4

[root@ip-172-31-13-254 ~]# vgextend
[root@ip-172-31-13-254 ~]# vgdisplay -m
vgdisplay: invalid option -- 'm'
  Error during parsing of command line.
[root@ip-172-31-13-254 ~]# lvdisplay -m
  --- Logical volume ---
  LV Path                /dev/VolGroup00/logical_vol1
  LV Name                logical_vol1
  VG Name                VolGroup00
  LV UUID                CtsAE4-cfCH-XWBw-8cQE-L7cR-l6OV-0lI2Z1
  LV Write Access        read/write
  LV Creation host, time ip-172-31-13-254, 2017-07-05 18:54:52 +0000
  LV Status              available
  # open                 1
  LV Size                8.00 GiB
  Current LE             2047
  Segments               1
  Allocation             inherit
  Read ahead sectors     auto
  - currently set to     256
  Block device           253:0

  --- Segments ---
  Logical extents 0 to 2046:
    Type                linear
    Physical volume     /dev/sdc
    Physical extents    0 to 2046


[root@ip-172-31-13-254 ~]# lvdisplay -m
[root@ip-172-31-13-254 ~]# vgdisplay --help
  vgdisplay: Display volume group information

vgdisplay
        [-A|--activevolumegroups]
        [-c|--colon | -s|--short | -v|--verbose]
        [--commandprofile ProfileName]
        [-d|--debug]
        [--foreign]
        [-h|--help]
        [--ignorelockingfailure]
        [--ignoreskippedcluster]
        [--nosuffix]
        [-P|--partial]
        [--readonly]
        [--reportformat {basic|json}]
        [-S|--select Selection]
        [--units hHbBsSkKmMgGtTpPeE]
        [--version]
        [VolumeGroupName [VolumeGroupName...]]

vgdisplay --columns|-C
        [--aligned]
        [--binary]
        [--commandprofile ProfileName]
        [--configreport ReportName]
        [-d|--debug]
        [--foreign]
        [-h|--help]
        [--ignorelockingfailure]
        [--ignoreskippedcluster]
        [--logonly]
        [--noheadings]
        [--nosuffix]
        [-o|--options [+|-|#]Field[,Field]]
        [-O|--sort [+|-]key1[,[+|-]key2[,...]]]
        [-P|--partial]
        [--reportformat {basic|json}]
        [-S|--select Selection]
        [--readonly]
        [--separator Separator]
        [--unbuffered]
        [--units hHbBsSkKmMgGtTpPeE]
        [--verbose]
        [--version]
        [VolumeGroupName [VolumeGroupName...]]

[root@ip-172-31-13-254 ~]# vg
vgcfgbackup    vgchange       vgconvert      vgdisplay      vgextend       vgimportclone  vgmknodes      vgremove       vgs            vgsplit
vgcfgrestore   vgck           vgcreate       vgexport       vgimport       vgmerge        vgreduce       vgrename       vgscan
[root@ip-172-31-13-254 ~]# vg
vgcfgbackup    vgchange       vgconvert      vgdisplay      vgextend       vgimportclone  vgmknodes      vgremove       vgs            vgsplit
vgcfgrestore   vgck           vgcreate       vgexport       vgimport       vgmerge        vgreduce       vgrename       vgscan
[root@ip-172-31-13-254 ~]# vgscan
  Reading volume groups from cache.
  Found volume group "VolGroup00" using metadata type lvm2
[root@ip-172-31-13-254 ~]# pvs
  PV         VG         Fmt  Attr PSize PFree
  /dev/sdb   VolGroup00 lvm2 a--  8.00g 8.00g
  /dev/sdc   VolGroup00 lvm2 a--  8.00g    0
  /dev/sdd              lvm2 ---  8.00g 8.00g
[root@ip-172-31-13-254 ~]# pvcreate /dev/sdd
[root@ip-172-31-13-254 ~]# vgex
vgexport  vgextend
[root@ip-172-31-13-254 ~]# vgex
vgexport  vgextend
[root@ip-172-31-13-254 ~]# vgextend VolGroup00 /dev/sdd
  Volume group "VolGroup00" successfully extended
[root@ip-172-31-13-254 ~]# pvs
  PV         VG         Fmt  Attr PSize PFree
  /dev/sdb   VolGroup00 lvm2 a--  8.00g 8.00g
  /dev/sdc   VolGroup00 lvm2 a--  8.00g    0
  /dev/sdd   VolGroup00 lvm2 a--  8.00g 8.00g
[root@ip-172-31-13-254 ~]# resize2fs /dev/VolGroup00/logical_vol1
[root@ip-172-31-13-254 ~]# lv
lvchange     lvcreate     lvextend     lvmchange    lvmconfig    lvmdump      lvmpolld     lvmsar       lvremove     lvresize     lvscan
lvconvert    lvdisplay    lvm          lvmconf      lvmdiskscan  lvmetad      lvmsadc      lvreduce     lvrename     lvs
[root@ip-172-31-13-254 ~]# lv
lvchange     lvcreate     lvextend     lvmchange    lvmconfig    lvmdump      lvmpolld     lvmsar       lvremove     lvresize     lvscan
lvconvert    lvdisplay    lvm          lvmconf      lvmdiskscan  lvmetad      lvmsadc      lvreduce     lvrename     lvs
[root@ip-172-31-13-254 ~]# lvdisplay
  --- Logical volume ---
  LV Path                /dev/VolGroup00/logical_vol1
  LV Name                logical_vol1
  VG Name                VolGroup00
  LV UUID                CtsAE4-cfCH-XWBw-8cQE-L7cR-l6OV-0lI2Z1
  LV Write Access        read/write
  LV Creation host, time ip-172-31-13-254, 2017-07-05 18:54:52 +0000
  LV Status              available
  # open                 1
  LV Size                8.00 GiB
  Current LE             2047
  Segments               1
  Allocation             inherit
  Read ahead sectors     auto
  - currently set to     256
  Block device           253:0

[root@ip-172-31-13-254 ~]# lvdisplay -m
  --- Logical volume ---
  LV Path                /dev/VolGroup00/logical_vol1
  LV Name                logical_vol1
  VG Name                VolGroup00
  LV UUID                CtsAE4-cfCH-XWBw-8cQE-L7cR-l6OV-0lI2Z1
  LV Write Access        read/write
  LV Creation host, time ip-172-31-13-254, 2017-07-05 18:54:52 +0000
  LV Status              available
  # open                 1
  LV Size                8.00 GiB
  Current LE             2047
  Segments               1
  Allocation             inherit
  Read ahead sectors     auto
  - currently set to     256
  Block device           253:0

  --- Segments ---
  Logical extents 0 to 2046:
    Type                linear
    Physical volume     /dev/sdc
    Physical extents    0 to 2046


[root@ip-172-31-13-254 ~]# lvreduce -l 4047 /dev/VolGroup00/logical_vol1
  New size given (4047 extents) not less than existing size (2047 extents)
[root@ip-172-31-13-254 ~]# lvreduce -l 4047 /dev/VolGroup00/logical_vol1
[root@ip-172-31-13-254 ~]# lvextend -L 50%FREE /dev/VolGroup00/logical_vol1
  Invalid argument for --size: 50%FREE
  Error during parsing of command line.
[root@ip-172-31-13-254 ~]# /
[root@ip-172-31-13-254 ~]# set -o vi
[root@ip-172-31-13-254 ~]# lvextend -L 50%FREE /dev/VolGroup00/logical_vol1
  Invalid argument for --size: 50%FREE
  Error during parsing of command line.
[root@ip-172-31-13-254 ~]#  lvextend -l 40%FREE /dev/VolGroup00/logical_vol1
  New size given (1638 extents) not larger than existing size (2047 extents)
[root@ip-172-31-13-254 ~]#  lvextend -l 50%FREE /dev/VolGroup00/logical_vol1
  New size (2047 extents) matches existing size (2047 extents).
[root@ip-172-31-13-254 ~]#  lvextend -l 60%FREE /dev/VolGroup00/logical_vol1
  Size of logical volume VolGroup00/logical_vol1 changed from 8.00 GiB (2047 extents) to 9.60 GiB (2457 extents).
  Logical volume VolGroup00/logical_vol1 successfully resized.
[root@ip-172-31-13-254 ~]# vgdisplay -m
[root@ip-172-31-13-254 ~]# df -h
Filesystem                           Size  Used Avail Use% Mounted on
devtmpfs                             489M   72K  488M   1% /dev
tmpfs                                497M     0  497M   0% /dev/shm
/dev/xvda1                           7.8G  976M  6.7G  13% /
/dev/mapper/VolGroup00-logical_vol1  7.8G   18M  7.4G   1% /myVG
[root@ip-172-31-13-254 ~]# set -o vi
[root@ip-172-31-13-254 ~]# resize2fs /dev/VolGroup00/logical_vol1
resize2fs 1.42.12 (29-Aug-2014)
Filesystem at /dev/VolGroup00/logical_vol1 is mounted on /myVG; on-line resizing required
old_desc_blocks = 1, new_desc_blocks = 1
The filesystem on /dev/VolGroup00/logical_vol1 is now 2515968 (4k) blocks long.

[root@ip-172-31-13-254 ~]# df -h
Filesystem                           Size  Used Avail Use% Mounted on
devtmpfs                             489M   72K  488M   1% /dev
tmpfs                                497M     0  497M   0% /dev/shm
/dev/xvda1                           7.8G  976M  6.7G  13% /
/dev/mapper/VolGroup00-logical_vol1  9.4G   18M  8.9G   1% /myVG
